{
  "model": "jev-1.13.0",
  "answers": {
    "department": {
      "type": "choice",
      "choice": "technical",
      "confidence": 0.73,
      "probabilities": {
        "billing": 0.18,
        "technical": 0.82,
        "sales": 0
      }
    },
    "frustration": {
      "type": "score",
      "score": 1,
      "confidence": 1,
      "legend": {
        "0": "Calm, just stating facts",
        "1": "Frustrated but civil",
        "2": "Very angry, strong language"
      },
      "probabilities": {
        "0": 0,
        "1": 1,
        "2": 0
      }
    },
    "is_urgent": {
      "type": "noul",
      "noul": 0.99
    }
  },
  "usage": {
    "input_tokens": 425,
    "output_tokens": 73
  }
}